
> koryandik@0.1.0 build
> node --max-old-space-size=4096 node_modules/next/dist/bin/next build

Γû▓ Next.js 16.2.9 (Turbopack)
- Environments: .env.local, .env

  Creating an optimized production build ...
node.exe : 
At C:\nvm4w\nodejs\npm.ps1:29 char:3
+   & $NODE_EXE $NPM_CLI_JS $args
+   ~~~~~~~~~~~~~~~~~~~~~~~~~~~~~
    + CategoryInfo          : NotSpecified: (:String) [], RemoteException
    + FullyQualifiedErrorId : NativeCommandError
 
> Build error occurred
Error: Turbopack build failed with 1 errors:
./src/app/globals.css
Error evaluating Node.js code
CssSyntaxError: C:\Users\Anggi Rahadian\Desktop\project\koryandik\src\app\globals.css:5317:3: Unexpected }
    at Input.error (node_modules/postcss/lib/input.js:135:16) [C:\Users\Anggi 
Rahadian\Desktop\project\koryandik\.next\build\chunks\node_modules_20v-8wl._.js:4682:22]
    at error (node_modules/postcss/lib/parser.js:594:22) [C:\Users\Anggi 
Rahadian\Desktop\project\koryandik\.next\build\chunks\node_modules_20v-8wl._.js:5868:26]
    at unexpectedClose (node_modules/postcss/lib/parser.js:337:12) [C:\Users\Anggi 
Rahadian\Desktop\project\koryandik\.next\build\chunks\node_modules_20v-8wl._.js:5641:18]
    at end (node_modules/postcss/lib/parser.js:463:16) [C:\Users\Anggi 
Rahadian\Desktop\project\koryandik\.next\build\chunks\node_modules_20v-8wl._.js:5752:26]
    at parse (node_modules/postcss/lib/parse.js:11:12) [C:\Users\Anggi 
Rahadian\Desktop\project\koryandik\.next\build\chunks\node_modules_20v-8wl._.js:5901:16]
    at parser (node_modules/postcss/lib/lazy-result.js:165:16) [C:\Users\Anggi 
Rahadian\Desktop\project\koryandik\.next\build\chunks\node_modules_20v-8wl._.js:6153:24]
    at Processor.process (node_modules/postcss/lib/processor.js:53:14) [C:\Users\Anggi 
Rahadian\Desktop\project\koryandik\.next\build\chunks\node_modules_20v-8wl._.js:6628:20]
    at process (turbopack:///[turbopack-node]/transforms/postcss.ts:70:51) [C:\Users\Anggi 
Rahadian\Desktop\project\koryandik\.next\build\chunks\[root-of-the-server]__0oj80bi._.js:146:52]
    at getValue (turbopack:///[turbopack-node]/child_process/evaluate.ts:89:29) [C:\Users\Anggi 
Rahadian\Desktop\project\koryandik\.next\build\chunks\[root-of-the-server]__1f933tp._.js:443:37]
    at run (turbopack:///[turbopack-node]/child_process/evaluate.ts:112:11) [C:\Users\Anggi 
Rahadian\Desktop\project\koryandik\.next\build\chunks\[root-of-the-server]__1f933tp._.js:464:25]

Import trace:
  Client Component Browser:
    ./src/app/globals.css [Client Component Browser]
    ./src/app/layout.tsx [Server Component]


    at process (turbopack:///[turbopack-node]/transforms/postcss.ts:70:51) [C:\Users\Anggi 
Rahadian\Desktop\project\koryandik\.next\build\chunks\[root-of-the-server]__0oj80bi._.js:146:52])
    at getValue (turbopack:///[turbopack-node]/child_process/evaluate.ts:89:29) [C:\Users\Anggi 
Rahadian\Desktop\project\koryandik\.next\build\chunks\[root-of-the-server]__1f933tp._.js:443:37])
    at run (turbopack:///[turbopack-node]/child_process/evaluate.ts:112:11) [C:\Users\Anggi 
Rahadian\Desktop\project\koryandik\.next\build\chunks\[root-of-the-server]__1f933tp._.js:464:25])
